// Jest Snapshot v1, https://goo.gl/fbAQLP

exports[`Testing TouchableView component renders as expected 1`] = `
<TouchableOpacity
  activeOpacity={0.2}
>
  <View
    style={false}
  >
    Test
  </View>
</TouchableOpacity>
`;
